---
source: src/matches.rs
assertion_line: 341
expression: dumped
---
  package example
//        ^^^^^^^ definition  scip-ctags example/
  
  import (
   f "fmt"
  )
  
  func Something() {
//     ^^^^^^^^^ definition  scip-ctags Something().
   x := true
   f.Println(x)
  }
  
  func Another() float64 { return 5 / 3 }
//     ^^^^^^^ definition  scip-ctags Another().
  
  type MyThing struct{}
//     ^^^^^^^ definition  scip-ctags MyThing#
  
  func (m *MyThing) DoSomething()    {}
//                  ^^^^^^^^^^^ definition  scip-ctags MyThing#DoSomething().
  func (m MyThing) DoSomethingElse() {}
//                 ^^^^^^^^^^^^^^^ definition  scip-ctags MyThing#DoSomethingElse().

