---
source: src/matches.rs
assertion_line: 334
expression: dumped
---
  pub trait Tag {
//          ^^^ definition  scip-ctags Tag#
      // This is a pretty big thing
      // And some more things here
      fn name(&self) -> &str;
//       ^^^^ definition  scip-ctags Tag#name().
  }
  
  mod namespace {
//    ^^^^^^^^^ definition  scip-ctags namespace/
      mod nested {
//        ^^^^^^ definition  scip-ctags namespace/nested/
          mod even_more_nested {
//            ^^^^^^^^^^^^^^^^ definition  scip-ctags namespace/nested/even_more_nested/
              pub struct CoolStruct {}
//                       ^^^^^^^^^^ definition  scip-ctags namespace/nested/even_more_nested/CoolStruct#
  
              impl Tag for CoolStruct {
//                         ^^^^^^^^^^ definition  scip-ctags namespace/nested/even_more_nested/Tag#CoolStruct#
                  fn name(&self) -> &str {}
//                   ^^^^ definition  scip-ctags namespace/nested/even_more_nested/Tag#CoolStruct#name().
              }
          }
      }
  }
  
  fn something() {}
//   ^^^^^^^^^ definition  scip-ctags something().

