---
source: src/locals.rs
assertion_line: 444
expression: dumped
---
  package example
//        ^^^^^^^ definition  local 4
  
  import (
   f "fmt"
// ^ definition  local 3
  )
  
  func Something() {
//     ^^^^^^^^^ definition  local 1
   f.Println("hello")
  }
  
  func Another() {
//     ^^^^^^^ definition  local 2
   Something()
// ^^^^^^^^^ reference  local 1
  }

